[debug] [2026-08-29T16:20:30.814Z] ----------------------------------------------------------------------
[debug] [2026-08-29T16:20:30.818Z] Command:       C:\Program Files\nodejs\node.exe C:\Users\User\AppData\Roaming\npm\node_modules\firebase-tools\lib\bin\firebase.js init
[debug] [2026-08-29T16:20:30.819Z] CLI Version:   15.28.2
[debug] [2026-08-29T16:20:30.819Z] Platform:      win32
[debug] [2026-08-29T16:20:30.820Z] Node Version:  v22.23.1
[debug] [2026-08-29T16:20:30.820Z] Detected Agent: unknown
[debug] [2026-08-29T16:20:30.820Z] Time:          Sun Aug 30 2026 00:20:30 GMT+0800 (Malaysia Time)
[debug] [2026-08-29T16:20:30.821Z] ----------------------------------------------------------------------
[debug] 
[info] 
     ######## #### ########  ######## ########     ###     ######  ########
     ##        ##  ##     ## ##       ##     ##  ##   ##  ##       ##
     ######    ##  ########  ######   ########  #########  ######  ######
     ##        ##  ##    ##  ##       ##     ## ##     ##       ## ##
     ##       #### ##     ## ######## ########  ##     ##  ######  ########

You're about to initialize a Firebase project in this directory:

  C:\Users\User\OneDrive\Desktop\Documents\tell\backend

[debug] [2026-08-29T16:22:06.412Z] ExitPromptError: User force closed the prompt with SIGINT
    at Interface.sigint (C:\Users\User\AppData\Roaming\npm\node_modules\firebase-tools\node_modules\@inquirer\core\dist\commonjs\lib\create-prompt.js:101:37)
    at Interface.emit (node:events:519:28)
    at [_ttyWrite] [as _ttyWrite] (node:internal/readline/interface:1144:18)
    at ReadStream.onkeypress (node:internal/readline/interface:271:20)
    at ReadStream.emit (node:events:531:35)
    at emitKeys (node:internal/readline/utils:370:14)
    at emitKeys.next (<anonymous>)
    at ReadStream.onData (node:internal/readline/emitKeypressEvents:64:36)
    at ReadStream.emit (node:events:519:28)
    at addChunk (node:internal/streams/readable:561:12)
[error] 
[error] Error: An unexpected error has occurred.
